[2024-02-24T00:06:40.296+0300][info][gc] Using Serial
[2024-02-24T00:06:58.874+0300][info][gc] GC(0) Pause Young (Allocation Failure) 4M->2M(15M) 3.055ms
[2024-02-24T00:06:58.944+0300][info][gc] GC(1) Pause Young (Allocation Failure) 6M->2M(15M) 2.258ms
[2024-02-24T00:06:58.988+0300][info][gc] GC(2) Pause Young (Allocation Failure) 7M->4M(15M) 2.808ms
[2024-02-24T00:06:59.247+0300][info][gc] GC(3) Pause Young (Allocation Failure) 8M->4M(15M) 1.975ms
[2024-02-24T00:06:59.413+0300][info][gc] GC(4) Pause Young (Allocation Failure) 8M->5M(15M) 2.515ms
[2024-02-24T00:07:28.711+0300][info][gc] GC(5) Pause Young (Allocation Failure) 9M->5M(15M) 2.447ms
[2024-02-24T00:07:33.642+0300][info][gc] GC(6) Pause Young (Allocation Failure) 9M->5M(15M) 0.561ms
[2024-02-24T00:07:33.649+0300][info][gc] GC(7) Pause Young (Allocation Failure) 9M->5M(15M) 0.562ms
[2024-02-24T00:07:33.653+0300][info][gc] GC(8) Pause Young (Allocation Failure) 9M->5M(15M) 0.512ms
[2024-02-24T00:07:33.657+0300][info][gc] GC(9) Pause Young (Allocation Failure) 9M->5M(15M) 0.423ms
[2024-02-24T00:07:33.661+0300][info][gc] GC(10) Pause Young (Allocation Failure) 9M->5M(15M) 0.475ms
[2024-02-24T00:07:33.664+0300][info][gc] GC(11) Pause Young (Allocation Failure) 9M->5M(15M) 0.476ms
[2024-02-24T00:07:33.667+0300][info][gc] GC(12) Pause Young (Allocation Failure) 9M->5M(15M) 0.401ms
[2024-02-24T00:07:33.671+0300][info][gc] GC(13) Pause Young (Allocation Failure) 9M->5M(15M) 0.416ms
[2024-02-24T00:07:33.673+0300][info][gc] GC(14) Pause Young (Allocation Failure) 9M->5M(15M) 0.410ms
[2024-02-24T00:07:33.676+0300][info][gc] GC(15) Pause Young (Allocation Failure) 9M->5M(15M) 0.362ms
[2024-02-24T00:07:33.679+0300][info][gc] GC(16) Pause Young (Allocation Failure) 9M->5M(15M) 0.376ms
[2024-02-24T00:07:33.682+0300][info][gc] GC(17) Pause Young (Allocation Failure) 9M->5M(15M) 0.428ms
[2024-02-24T00:07:33.684+0300][info][gc] GC(18) Pause Young (Allocation Failure) 9M->5M(15M) 0.342ms
[2024-02-24T00:07:33.686+0300][info][gc] GC(19) Pause Young (Allocation Failure) 9M->5M(15M) 0.350ms
[2024-02-24T00:07:33.688+0300][info][gc] GC(20) Pause Young (Allocation Failure) 9M->5M(15M) 0.388ms
[2024-02-24T00:07:33.690+0300][info][gc] GC(21) Pause Young (Allocation Failure) 9M->5M(15M) 0.200ms
[2024-02-24T00:07:33.692+0300][info][gc] GC(22) Pause Young (Allocation Failure) 9M->5M(15M) 0.137ms
[2024-02-24T00:07:33.694+0300][info][gc] GC(23) Pause Young (Allocation Failure) 9M->5M(15M) 0.185ms
[2024-02-24T00:07:47.868+0300][info][gc] GC(24) Pause Young (Allocation Failure) 9M->5M(15M) 0.590ms
[2024-02-24T00:08:24.228+0300][info][gc] GC(25) Pause Young (Allocation Failure) 9M->5M(15M) 0.564ms
[2024-02-24T00:08:39.996+0300][info][gc] GC(26) Pause Young (Allocation Failure) 9M->5M(15M) 0.327ms
[2024-02-24T00:08:39.998+0300][info][gc] GC(27) Pause Young (Allocation Failure) 9M->5M(15M) 0.274ms
[2024-02-24T00:08:40.000+0300][info][gc] GC(28) Pause Young (Allocation Failure) 9M->5M(15M) 0.251ms
[2024-02-24T00:08:40.002+0300][info][gc] GC(29) Pause Young (Allocation Failure) 9M->5M(15M) 0.263ms
[2024-02-24T00:08:40.004+0300][info][gc] GC(30) Pause Young (Allocation Failure) 9M->5M(15M) 0.226ms
[2024-02-24T00:08:40.006+0300][info][gc] GC(31) Pause Young (Allocation Failure) 9M->5M(15M) 0.231ms
[2024-02-24T00:08:40.008+0300][info][gc] GC(32) Pause Young (Allocation Failure) 9M->5M(15M) 0.180ms
[2024-02-24T00:08:40.010+0300][info][gc] GC(33) Pause Young (Allocation Failure) 9M->5M(15M) 0.209ms
[2024-02-24T00:08:40.012+0300][info][gc] GC(34) Pause Young (Allocation Failure) 9M->5M(15M) 0.202ms
[2024-02-24T00:08:40.014+0300][info][gc] GC(35) Pause Young (Allocation Failure) 9M->5M(15M) 0.210ms
[2024-02-24T00:08:40.016+0300][info][gc] GC(36) Pause Young (Allocation Failure) 9M->5M(15M) 0.174ms
[2024-02-24T00:08:40.018+0300][info][gc] GC(37) Pause Young (Allocation Failure) 9M->5M(15M) 0.231ms
[2024-02-24T00:08:40.020+0300][info][gc] GC(38) Pause Young (Allocation Failure) 9M->5M(15M) 0.175ms
[2024-02-24T00:08:40.022+0300][info][gc] GC(39) Pause Young (Allocation Failure) 9M->5M(15M) 0.193ms
[2024-02-24T00:08:40.023+0300][info][gc] GC(40) Pause Young (Allocation Failure) 9M->5M(15M) 0.183ms
[2024-02-24T00:08:40.025+0300][info][gc] GC(41) Pause Young (Allocation Failure) 9M->5M(15M) 0.127ms
[2024-02-24T00:08:40.027+0300][info][gc] GC(42) Pause Young (Allocation Failure) 9M->5M(15M) 0.137ms
[2024-02-24T00:08:40.028+0300][info][gc] GC(43) Pause Young (Allocation Failure) 9M->5M(15M) 0.173ms
[2024-02-24T00:08:48.528+0300][info][gc] GC(44) Pause Young (Allocation Failure) 9M->5M(15M) 0.328ms
[2024-02-24T00:09:25.838+0300][info][gc] GC(45) Pause Young (Allocation Failure) 9M->5M(15M) 0.390ms
